[INFO] Scanning for projects...
[INFO] 
[INFO] ------------------< com.beautystock:beautystock-api >-------------------
[INFO] Building BeautyStock API 1.0.0
[INFO]   from pom.xml
[INFO] --------------------------------[ jar ]---------------------------------
[INFO] 
[INFO] --- resources:3.3.1:resources (default-resources) @ beautystock-api ---
[INFO] Copying 1 resource from src\main\resources to target\classes
[INFO] Copying 3 resources from src\main\resources to target\classes
[INFO] 
[INFO] --- compiler:3.11.0:compile (default-compile) @ beautystock-api ---
[INFO] Nothing to compile - all classes are up to date
[INFO] 
[INFO] --- resources:3.3.1:testResources (default-testResources) @ beautystock-api ---
[INFO] skip non existing resourceDirectory C:\Users\VARGAS\IT342-Vargas-Beautystock\backend\src\test\resources
[INFO] 
[INFO] --- compiler:3.11.0:testCompile (default-testCompile) @ beautystock-api ---
[INFO] No sources to compile
[INFO] 
[INFO] --- surefire:3.1.2:test (default-test) @ beautystock-api ---
[INFO] No tests to run.
[INFO] ------------------------------------------------------------------------
[INFO] BUILD SUCCESS
[INFO] ------------------------------------------------------------------------
[INFO] Total time:  1.102 s
[INFO] Finished at: 2026-05-01T18:55:14+08:00
[INFO] ------------------------------------------------------------------------
